
[1m[46m RUN [49m[22m [36mv3.2.4 [39m[90mC:/Users/elaz2/Documents/PAGER/inkmax[39m

node.exe : [90mstder
r[2m | src/hooks/__t
ests__/useAuth.test.t
sx[2m > [22m[2muse
Auth[2m > [22m[2mi
nitialization[2m > 
[22m[2mthrows error 
when used outside Aut
hProvider
строка:1 знак:1
+ & "C:\Program Files
\nodejs/node.exe" "C:
\Program Files\nodejs
/node_mo ...
+ ~~~~~~~~~~~~~~~~~~~
~~~~~~~~~~~~~~~~~~~~~
~~~~~~~~~~~~~~~~~~~~~
~~~~~~~~
    + CategoryInfo   
           : NotSpe  
  cified: ([90mst   
 derr[2m...de Au    
thProvider:Strin    g
) [], RemoteExc    ep
tion
    + FullyQualified 
   ErrorId : Native  
  CommandError
 
[22m[39mError: useA
uth must be used with
in an AuthProvider
    at Module.useAuth
 (C:\Users\elaz2\Docu
ments\PAGER\inkmax\sr
c\hooks\useAuth.tsx:1
56:11)
    at C:\Users\elaz2
\Documents\PAGER\inkm
ax\src\hooks\__tests_
_\useAuth.test.tsx:64
:34
    at TestComponent 
(C:\Users\elaz2\Docum
ents\PAGER\inkmax\nod
e_modules\@testing-li
brary\react\dist\pure
.js:309:27)
    at renderWithHook
s (C:\Users\elaz2\Doc
uments\PAGER\inkmax\n
ode_modules\react-dom
\cjs\react-dom.develo
pment.js:15486:18)
    at mountIndetermi
nateComponent (C:\Use
rs\elaz2\Documents\PA
GER\inkmax\node_modul
es\react-dom\cjs\reac
t-dom.development.js:
20103:13)
    at beginWork (C:\
Users\elaz2\Documents
\PAGER\inkmax\node_mo
dules\react-dom\cjs\r
eact-dom.development.
js:21626:16)
    at HTMLUnknownEle
ment.callCallback (C:
\Users\elaz2\Document
s\PAGER\inkmax\node_m
odules\react-dom\cjs\
react-dom.development
.js:4164:14)
    at HTMLUnknownEle
ment.callTheUserObjec
tsOperation (C:\Users
\elaz2\Documents\PAGE
R\inkmax\node_modules
\jsdom\lib\jsdom\livi
ng\generated\EventLis
tener.js:26:30)
    at innerInvokeEve
ntListeners (C:\Users
\elaz2\Documents\PAGE
R\inkmax\node_modules
\jsdom\lib\jsdom\livi
ng\events\EventTarget
-impl.js:360:16)
    at invokeEventLis
teners (C:\Users\elaz
2\Documents\PAGER\ink
max\node_modules\jsdo
m\lib\jsdom\living\ev
ents\EventTarget-impl
.js:296:3)
Error: useAuth must b
e used within an Auth
Provider
    at Module.useAuth
 (C:\Users\elaz2\Docu
ments\PAGER\inkmax\sr
c\hooks\useAuth.tsx:1
56:11)
    at C:\Users\elaz2
\Documents\PAGER\inkm
ax\src\hooks\__tests_
_\useAuth.test.tsx:64
:34
    at TestComponent 
(C:\Users\elaz2\Docum
ents\PAGER\inkmax\nod
e_modules\@testing-li
brary\react\dist\pure
.js:309:27)
    at renderWithHook
s (C:\Users\elaz2\Doc
uments\PAGER\inkmax\n
ode_modules\react-dom
\cjs\react-dom.develo
pment.js:15486:18)
    at mountIndetermi
nateComponent (C:\Use
rs\elaz2\Documents\PA
GER\inkmax\node_modul
es\react-dom\cjs\reac
t-dom.development.js:
20103:13)
    at beginWork (C:\
Users\elaz2\Documents
\PAGER\inkmax\node_mo
dules\react-dom\cjs\r
eact-dom.development.
js:21626:16)
    at HTMLUnknownEle
ment.callCallback (C:
\Users\elaz2\Document
s\PAGER\inkmax\node_m
odules\react-dom\cjs\
react-dom.development
.js:4164:14)
    at HTMLUnknownEle
ment.callTheUserObjec
tsOperation (C:\Users
\elaz2\Documents\PAGE
R\inkmax\node_modules
\jsdom\lib\jsdom\livi
ng\generated\EventLis
tener.js:26:30)
    at innerInvokeEve
ntListeners (C:\Users
\elaz2\Documents\PAGE
R\inkmax\node_modules
\jsdom\lib\jsdom\livi
ng\events\EventTarget
-impl.js:360:16)
    at invokeEventLis
teners (C:\Users\elaz
2\Documents\PAGER\ink
max\node_modules\jsdo
m\lib\jsdom\living\ev
ents\EventTarget-impl
.js:296:3)
The above error occur
red in the <TestCompo
nent> component:

    at TestComponent 
(C:\Users\elaz2\Docum
ents\PAGER\inkmax\nod
e_modules\@testing-li
brary\react\dist\pure
.js:307:5)

Consider adding an er
ror boundary to your 
tree to customize err
or handling behavior.
Visit https://reactjs
.org/link/error-bound
aries to learn more a
bout error boundaries
.

[90mstderr[2m | src
/hooks/__tests__/useA
uth.test.tsx[2m > [
22m[2museAuth[2m > 
[22m[2minitializati
on[2m > [22m[2msta
rts with loading stat
e
[22m[39mWarning: An
 update to AuthProvid
er inside a test was 
not wrapped in act(..
.).

When testing, code th
at causes React state
 updates should be wr
apped into act(...):

act(() => {
  /* fire events that
 update state */
});
/* assert on the outp
ut */

This ensures that you
're testing the behav
ior the user would se
e in the browser. Lea
rn more at https://re
actjs.org/link/wrap-t
ests-with-act
    at AuthProvider (
C:\Users\elaz2\Docume
nts\PAGER\inkmax\src\
hooks\useAuth.tsx:10:
25)
    at wrapper (C:\Us
ers\elaz2\Documents\P
AGER\inkmax\src\hooks
\__tests__\useAuth.te
st.tsx:55:20)

 [31mтЭп[39m src/hooks/__tests__/useAuth.test.tsx [2m([22m[2m12 tests[22m[2m | [22m[31m2 failed[39m[2m)[22m[33m 778[2mms[22m[39m
   [32mтЬУ[39m useAuth[2m > [22minitialization[2m > [22mthrows error when used outside AuthProvider[32m 24[2mms[22m[39m
   [32mтЬУ[39m useAuth[2m > [22minitialization[2m > [22mstarts with loading state[32m 5[2mms[22m[39m
   [32mтЬУ[39m useAuth[2m > [22minitialization[2m > [22msets user to null when no session exists[32m 78[2mms[22m[39m
   [32mтЬУ[39m useAuth[2m > [22minitialization[2m > [22mloads existing session on mount[32m 74[2mms[22m[39m
   [32mтЬУ[39m useAuth[2m > [22msignUp[2m > [22mcalls supabase signUp with email and password[32m 77[2mms[22m[39m
   [32mтЬУ[39m useAuth[2m > [22msignUp[2m > [22mreturns error on signUp failure[32m 68[2mms[22m[39m
   [32mтЬУ[39m useAuth[2m > [22msignIn[2m > [22mcalls supabase signInWithPassword[32m 81[2mms[22m[39m
   [32mтЬУ[39m useAuth[2m > [22msignIn[2m > [22mreturns error on invalid credentials[32m 74[2mms[22m[39m
[31m   [31m├Ч[31m useAuth[2m > [22msignInWithGoogle[2m > [22mcalls supabase signInWithOAuth with google provider[39m[32m 64[2mms[22m[39m
[31m     тЖТ expected null to be undefined[39m
[31m   [31m├Ч[31m useAuth[2m > [22msignInWithApple[2m > [22mcalls supabase signInWithOAuth with apple provider[39m[32m 79[2mms[22m[39m
[31m     тЖТ expected null to be undefined[39m
   [32mтЬУ[39m useAuth[2m > [22msignOut[2m > [22mcalls supabase signOut[32m 73[2mms[22m[39m
   [32mтЬУ[39m useAuth[2m > [22mauth state changes[2m > [22mupdates state on SIGNED_OUT event[32m 80[2mms[22m[39m

[31mтОптОптОптОптОпт
ОптОп[39m[1m[41m F
ailed Tests 2 [49m[
22m[31mтОптОптОптОпт
ОптОптОп[39m

[41m[1m FAIL [22m
[49m src/hooks/__test
s__/useAuth.test.tsx
[2m > [22museAuth[2
m > [22msignInWithGo
ogle[2m > [22mcalls
 supabase signInWithO
Auth with google prov
ider
[31m[1mAssertionErr
or[22m: expected nul
l to be undefined[39
m

[32m- Expected:[39m
 
undefined

[31m+ Received:[39m
 
null

[36m [2mтЭп[22m sr
c/hooks/__tests__/use
Auth.test.tsx:[2m194
:31[22m[39m
    [90m192| [39m  
          [35mawait
[39m [34mact[39m([
35masync[39m () [33
m=>[39m {
    [90m193| [39m  
              const {
 error } = await resu
lt.current.signInWith
GooglтАж
    [90m194| [39m  
              expect(
error).toBeUndefined(
); // map to { error 
} strтАж
    [90m   | [39m  
                     
       [31m^[39m
    [90m195| [39m  
          })[33m;[3
9m
    [90m196| [39m

[31m[2mтОптОптОптОп
тОптОптОптОптОптОптОп
тОптОптОптОптОптОптОп
тОптОптОптОптОптОп[1/
2]тОп[22m[39m

[41m[1m FAIL [22m
[49m src/hooks/__test
s__/useAuth.test.tsx
[2m > [22museAuth[2
m > [22msignInWithAp
ple[2m > [22mcalls 
supabase signInWithOA
uth with apple provid
er
[31m[1mAssertionErr
or[22m: expected nul
l to be undefined[39
m

[32m- Expected:[39m
 
undefined

[31m+ Received:[39m
 
null

[36m [2mтЭп[22m sr
c/hooks/__tests__/use
Auth.test.tsx:[2m218
:31[22m[39m
    [90m216| [39m  
          [35mawait
[39m [34mact[39m([
35masync[39m () [33
m=>[39m {
    [90m217| [39m  
              const {
 error } = await resu
lt.current.signInWith
AppleтАж
    [90m218| [39m  
              [34mex
pect[39m(error)[33m
.[39m[34mtoBeUndefi
ned[39m()[33m;[39m
    [90m   | [39m  
                     
       [31m^[39m
    [90m219| [39m  
          })[33m;[3
9m
    [90m220| [39m

[31m[2mтОптОптОптОп
тОптОптОптОптОптОптОп
тОптОптОптОптОптОптОп
тОптОптОптОптОптОп[2/
2]тОп[22m[39m


[2m Test Files [22m [1m[31m1 failed[39m[22m[90m (1)[39m
[2m      Tests [22m [1m[31m2 failed[39m[22m[2m | [22m[1m[32m10 passed[39m[22m[90m (12)[39m
[2m   Start at [22m 11:28:00
[2m   Duration [22m 2.32s[2m (transform 69ms, setup 95ms, collect 229ms, tests 778ms, environment 582ms, prepare 88ms)[22m

